// Jest Snapshot v1, https://goo.gl/fbAQLP

exports[`SearchResults renders SearchResults correctly 1`] = `
<div
  className="container"
>
  <div
    className="row"
  >
    <Film
      key="1"
      value={
        Object {
          "age": 1332,
          "description": "Some info",
          "director": "Tarantion 1",
          "duration": "122 min",
          "genre": "genre 1",
          "id": 1,
          "img": "https://m.media-amazon.com/images/M/MV5BNGNhMDIzZTUtNTBlZi00MTRlLWFjM2ItYzViMjE3YzI5MjljXkEyXkFqcGdeQXVyNzkwMjQ5NzM@._V1_SY1000_CR0,0,686,1000_AL_.jpg",
          "name": "film 1",
          "rating": 4.5,
          "regards": "Oscar winning move",
        }
      }
    />
  </div>
</div>
`;
